reading params from file config-learn-flip-IFP.properties
>>> parsed 1000000 lines
>>> parsed 2000000 lines
>>> parsed 3000000 lines
* read 3222052 triples
* indexed 10000 triples
* indexed 20000 triples
* indexed 40000 triples
* indexed 80000 triples
* indexed 160000 triples
* indexed 320000 triples
* indexed 640000 triples
* indexed 1280000 triples
* indexed 2560000 triples
* set up index for 62 relations, 358530 head entities, and 294315 tail entities
* set up list structure for randomized access searches uring rule learning ...  done
* precomputing random starting points for each relation/direction for the beam search ... done.
* creating worker thread #0
* creating worker thread #1
* creating worker thread #2
* creating worker thread #3
THREAD-1 starts to work with L=2 C=Acyclic 
THREAD-0 starts to work with L=1 C=Acyclic 
THREAD-2 starts to work with L=1 C=Cyclic 
THREAD-3 starts to work with L=2 C=Cyclic 
 000000 | 003006 002683  > 99k | 002361 000103  > 99k
 000000 | 003006 001494 000262 | 002361 000142  > 99k
 000000 | 003006 001494 000262 | 002326 000142 000013
 000000 | 000104 000885 000262 | 002326 000318 000013
 000000 | 000104 001005 000262 | 001382 000318 000013
 000000 | 000104 000586 000262 | 001236 000318 000013
 000000 | 000104 000456 000233 | 001236 000541 000013
 000000 | 000104 000168 000111 | 000463 000210 000013
 000000 | 000034 000482 000111 | 001231 000319 000013
 000000 | 000034 000341 000111 | 000618 000294 000013
 000000 | 000034 000347 000111 | 000773 000657 000013
 000000 | 000034 000215 000111 | 000924 000156 000013
 000000 | 000034 000215 000091 | 000793 000465 000013
 000000 | 000034 000215 000091 | 000501 000123 000013
 000000 | 000034 000215 000091 | 000504 000258 000013
 000000 | 000034 000215 000070 | 000510 000258 000013
 000000 | 000034 000215 000070 | 000411 000258 000013
 000000 | 000034 000215 000070 | 000492 000258 000013
 000000 | 000034 000211 000070 | 000259 000075 000013
 000000 | 000034 000206 000070 | 000273 000485 000013
 000000 | 000034 000167 000070 | 000273 000400 000013
 000000 | 000034 000171 000070 | 000449 000259 000013
 000000 | 000012 000076 000070 | 000222 000259 000013
 000000 | 000012 000076 000057 | 000191 000085 000013
 000000 | 000012 000064 000140 | 000247 000085 000013
 000000 | 000012 000127 000140 | 000224 000468 000013
 000000 | 000012 000076 000169 | 000256 000612 000013
 000000 | 000012 000076 000169 | 000256 000436 000024
 000000 | 000012 000076 000169 | 000246 000207 000024
 000000 | 000012 000061 000091 | 000371 000102 000024
 000000 | 000012 000061 000091 | 000237 000102 000003
 000000 | 000012 000061 000067 | 000171 000193 000003
 000000 | 000012 000061 000043 | 000229 000253 000003
 000000 | 000006 000061 000043 | 000229 000183 000003
 000000 | 000006 000061 000043 | 000178 000508 000003
 000000 | 000006 000061 000043 | 000225 000361 000003
 000000 | 000006 000061 000043 | 000288 000203 000003
 000000 | 000006 000040 000043 | 000283 000185 000003
 000000 | 000006 000040 000043 | 000177 000111 000003
 000000 | 000006 000040 000043 | 000304 000441 000003
 000000 | 000006 000040 000043 | 000102 000256 000003
 000000 | 000006 000040 000043 | 000102 000287 000003
 000000 | 000003 000040 000218 | 000219 000224 000003
 000000 | 000003 000057 000218 | 000212 000263 000003
 000000 | 000003 000057 000054 | 000261 000502 000003
 000000 | 000003 000057 000054 | 000098 000098 000003
 000000 | 000003 000057 000048 | 000090 000082 000003
 000000 | 000003 000072 000048 | 000201 000041 000003
 000000 | 000003 000072 000048 | 000154 000187 000003
 000000 | 000003 000072 000048 | 000154 000411 000003
 000000 | 000003 000086 000048 | 000154 000241 000003
 000000 | 000003 000086 000048 | 000304 000557 000003
 000000 | 000003 000055 000048 | 000320 000449 000003
 000000 | 000003 000055 000048 | 000308 000337 000003
 000000 | 000003 000055 000048 | 000240 000204 000003
 000000 | 000003 000055 000130 | 000215 000214 000003
 000000 | 000003 000055 000130 | 000180 000291 000003

>>> CREATING SNAPSHOT 0 after 301 seconds

>>> storing rules in file ./rules/YAGO4.5-10-flip_rules_anyburl_IFP-300
>>> Bye, bye.
>>> stored 20562 rules in 51ms
>>> waiting for rule writer thread to finish
